◇ injected env (0) from .env // tip: ⌘ enable debugging { debug: true }
TWILIO_ACCOUNT_SID / TWILIO_AUTH_TOKEN is not set — automatic Twilio number provisioning will not function until both are configured.
Server running on port 3099
RAPID ABUSE: same caller number calling repeatedly in a short window { householdId: 'ffc4cfe1-6d93-46d8-8e88-3b93eadabf87', repeatCount: 6 }
ALERTING: Resend_API_Key not configured, alert not sent: [HCG ALERT] rapid_abuse_repeat_caller
RAPID ABUSE: same caller number calling repeatedly in a short window { householdId: 'ffc4cfe1-6d93-46d8-8e88-3b93eadabf87', repeatCount: 7 }
ALERTING: suppressed (rate-limited) — rapid_abuse_repeat_caller: The same caller has called household ffc4cfe1-6d93-46d8-8e88-3b93eadabf87 7 times in the last 10 minutes
RAPID ABUSE: same caller number calling repeatedly in a short window { householdId: 'ffc4cfe1-6d93-46d8-8e88-3b93eadabf87', repeatCount: 8 }
ALERTING: suppressed (rate-limited) — rapid_abuse_repeat_caller: The same caller has called household ffc4cfe1-6d93-46d8-8e88-3b93eadabf87 8 times in the last 10 minutes
{"event":"media_stream_signature_check","ts":"2026-10-01T17:12:14.998Z","hasSignatureHeader":false,"matchedVariant":null}
{"event":"media_stream_started","ts":"2026-10-01T17:12:15.067Z","streamSid":"MZglobalcap001","callSid":"CAf32e83a19f67b9d4ffb9b423ab66d113","householdId":"ffc4cfe1-6d93-46d8-8e88-3b93eadabf87"}
{"event":"media_stream_signature_check","ts":"2026-10-01T17:12:16.490Z","hasSignatureHeader":false,"matchedVariant":null}
{"event":"media_stream_started","ts":"2026-10-01T17:12:16.560Z","streamSid":"MZglobalcap002","callSid":"CA979a7b431c5bb1bf80327b600d61b702","householdId":"ffc4cfe1-6d93-46d8-8e88-3b93eadabf87"}
{"event":"media_stream_signature_check","ts":"2026-10-01T17:12:17.994Z","hasSignatureHeader":false,"matchedVariant":null}
{"event":"media_stream_concurrent_limit_reached","ts":"2026-10-01T17:12:18.064Z","streamSid":"MZglobalcap003","activeStreams":2,"maxConcurrentStreams":2}
ALERTING: Resend_API_Key not configured, alert not sent: [HCG ALERT] media_stream_concurrent_limit_reached
{"event":"transcript_chunk","ts":"2026-10-01T17:12:21.864Z","callSid":"CAf32e83a19f67b9d4ffb9b423ab66d113","householdId":"ffc4cfe1-6d93-46d8-8e88-3b93eadabf87","chunkIndex":1,"chunkChars":3,"chunkWords":1,"emptyTranscript":false,"riskScore":0,"confidence":20}
{"event":"media_stream_cost_cap_reached","ts":"2026-10-01T17:12:23.496Z","rule":"global_transcription_limit","householdId":null}
ALERTING: Resend_API_Key not configured, alert not sent: [HCG ALERT] media_stream_global_transcription_limit
{"event":"transcript_chunk","ts":"2026-10-01T17:12:23.504Z","callSid":"CAf32e83a19f67b9d4ffb9b423ab66d113","householdId":"ffc4cfe1-6d93-46d8-8e88-3b93eadabf87","chunkIndex":2,"chunkChars":0,"chunkWords":0,"emptyTranscript":true,"riskScore":0,"confidence":20}
{"event":"transcript_chunk","ts":"2026-10-01T17:12:23.509Z","callSid":"CAf32e83a19f67b9d4ffb9b423ab66d113","householdId":"ffc4cfe1-6d93-46d8-8e88-3b93eadabf87","chunkIndex":3,"chunkChars":0,"chunkWords":0,"emptyTranscript":true,"riskScore":0,"confidence":20}
{"event":"transcript_chunk","ts":"2026-10-01T17:12:27.503Z","callSid":"CAf32e83a19f67b9d4ffb9b423ab66d113","householdId":"ffc4cfe1-6d93-46d8-8e88-3b93eadabf87","chunkIndex":4,"chunkChars":0,"chunkWords":0,"emptyTranscript":true,"riskScore":0,"confidence":20}
{"event":"transcript_chunk","ts":"2026-10-01T17:12:27.505Z","callSid":"CAf32e83a19f67b9d4ffb9b423ab66d113","householdId":"ffc4cfe1-6d93-46d8-8e88-3b93eadabf87","chunkIndex":5,"chunkChars":0,"chunkWords":0,"emptyTranscript":true,"riskScore":0,"confidence":20}
{"event":"media_stream_stopped","ts":"2026-10-01T17:12:31.438Z","streamSid":"MZglobalcap001","callSid":"CAf32e83a19f67b9d4ffb9b423ab66d113","householdId":"ffc4cfe1-6d93-46d8-8e88-3b93eadabf87","warningSent":false,"peakRiskScore":0,"terminatedBySystem":false,"detectedAfterCallEnded":false,"monitoredDurationSeconds":16,"monitoringLimitReached":false}
{"event":"media_stream_stopped","ts":"2026-10-01T17:12:31.444Z","streamSid":"MZglobalcap002","callSid":"CA979a7b431c5bb1bf80327b600d61b702","householdId":"ffc4cfe1-6d93-46d8-8e88-3b93eadabf87","warningSent":false,"peakRiskScore":0,"terminatedBySystem":false,"detectedAfterCallEnded":false,"monitoredDurationSeconds":15,"monitoringLimitReached":false}
